// Jest Snapshot v1, https://goo.gl/fbAQLP

exports[`text 1`] = `
<div>
  Hello World: 123
</div>
`;
