// Jest Snapshot v1, https://goo.gl/fbAQLP

exports[`html render 1`] = `
<div>
  <div
    dangerouslySetInnerHTML={
      Object {
        "__html": "<p>Hello</p>",
      }
    }
  />
</div>
`;
