// Jest Snapshot v1, https://goo.gl/fbAQLP

exports[`html render 1`] = `
<div>
  <p>
    Hello
  </p>
</div>
`;
