// Jest Snapshot v1, https://goo.gl/fbAQLP

exports[`TextHtml should render html 1`] = `
<div style="font-size:20px">
  Hello
  <b>
    world
  </b>
</div>
`;
